public with sharing MyClass {
  Private String s;
  Private String k;
}

